// Vitest Snapshot v1, https://vitest.dev/guide/snapshot.html

exports[`adi report > should generate a well formatted adi report 1`] = `
"## Raw diff

\`\`\`json
{
  "forwarderAdaptersByChain": {
    "1": {
      "destination_3": {
        "from": "0xb13712De579E1f9943502FFCf72eab6ec348cF79",
        "to": "0x1562F1b2487F892BBA8Ef325aF054Fd157510a71"
      },
      "origin_3": {
        "from": "0xb13712De579E1f9943502FFCf72eab6ec348cF79",
        "to": "0x853649f897383f89d8441346Cf26a9ed02720B02"
      }
    }
  },
  "receiverAdaptersByChain": {
    "1": {
      "receiver_3": {
        "from": "0xb13712De579E1f9943502FFCf72eab6ec348cF79",
        "to": "0x853649f897383f89d8441346Cf26a9ed02720B02"
      }
    }
  }
}
\`\`\`"
`;
